[INFO] 2025-10-31 13:33:09 - Prepared 11 folds (islands): 20, 22, 23, 24, 26, 27, 28, 33, 34, 35, 38
[INFO] 2025-10-31 13:33:09 - Fold 1/11 :: island=20 :: preparing train/test split
[INFO] 2025-10-31 13:33:10 - Fold 1/11 :: island=20 :: fitting model
[INFO] 2025-10-31 19:11:28 - Fold 1/11 :: island=20 :: pearson_r=0.2011 :: 20298.0s
[INFO] 2025-10-31 19:11:28 - Fold 2/11 :: island=22 :: preparing train/test split
[INFO] 2025-10-31 19:11:28 - Fold 2/11 :: island=22 :: fitting model
[INFO] 2025-11-01 00:09:01 - Fold 2/11 :: island=22 :: pearson_r=0.3014 :: 17853.1s
[INFO] 2025-11-01 00:09:01 - Fold 3/11 :: island=23 :: preparing train/test split
[INFO] 2025-11-01 00:09:01 - Fold 3/11 :: island=23 :: fitting model
[INFO] 2025-11-01 04:39:11 - Fold 3/11 :: island=23 :: pearson_r=0.2639 :: 16209.9s
[INFO] 2025-11-01 04:39:11 - Fold 4/11 :: island=24 :: preparing train/test split
[INFO] 2025-11-01 04:39:11 - Fold 4/11 :: island=24 :: fitting model
[INFO] 2025-11-01 10:30:59 - Fold 4/11 :: island=24 :: pearson_r=0.2410 :: 21108.6s
[INFO] 2025-11-01 10:30:59 - Fold 5/11 :: island=26 :: preparing train/test split
[INFO] 2025-11-01 10:30:59 - Fold 5/11 :: island=26 :: fitting model
[INFO] 2025-11-01 15:17:11 - Fold 5/11 :: island=26 :: pearson_r=0.2624 :: 17171.4s
[INFO] 2025-11-01 15:17:11 - Fold 6/11 :: island=27 :: preparing train/test split
[INFO] 2025-11-01 15:17:11 - Fold 6/11 :: island=27 :: fitting model
[INFO] 2025-11-01 20:41:49 - Fold 6/11 :: island=27 :: pearson_r=0.2311 :: 19477.9s
[INFO] 2025-11-01 20:41:49 - Fold 7/11 :: island=28 :: preparing train/test split
[INFO] 2025-11-01 20:41:49 - Fold 7/11 :: island=28 :: fitting model
[INFO] 2025-11-02 01:30:55 - Fold 7/11 :: island=28 :: pearson_r=0.4195 :: 17345.7s
[INFO] 2025-11-02 01:30:55 - Fold 8/11 :: island=33 :: preparing train/test split
[INFO] 2025-11-02 01:30:55 - Fold 8/11 :: island=33 :: fitting model
[INFO] 2025-11-02 07:59:38 - Fold 8/11 :: island=33 :: pearson_r=0.1486 :: 23323.5s
[INFO] 2025-11-02 07:59:38 - Fold 9/11 :: island=34 :: preparing train/test split
[INFO] 2025-11-02 07:59:38 - Fold 9/11 :: island=34 :: fitting model
[INFO] 2025-11-02 14:05:02 - Fold 9/11 :: island=34 :: pearson_r=0.4712 :: 21923.5s
[INFO] 2025-11-02 14:05:02 - Fold 10/11 :: island=35 :: preparing train/test split
[INFO] 2025-11-02 14:05:02 - Fold 10/11 :: island=35 :: fitting model
[INFO] 2025-11-02 19:32:59 - Fold 10/11 :: island=35 :: pearson_r=0.2528 :: 19677.1s
[INFO] 2025-11-02 19:32:59 - Fold 11/11 :: island=38 :: preparing train/test split
[INFO] 2025-11-02 19:32:59 - Fold 11/11 :: island=38 :: fitting model
[INFO] 2025-11-03 00:01:59 - Fold 11/11 :: island=38 :: pearson_r=0.1909 :: 16139.7s
[INFO] 2025-11-03 00:01:59 - Wrote results to outputs/nested_cv/nested_cv_loio_inla_gblup_results.json
